// Jest Snapshot v1, https://goo.gl/fbAQLP

exports[`InputFolder renders App component 1`] = `
<div>
  <button
    id="buttonDownloadFile"
    onClick={[Function]}
  >
    Upload a file
  </button>
  <input
    onChange={[Function]}
    style={
      Object {
        "display": "none",
      }
    }
    type="file"
  />
  <MapInit
    coordonnes={Array []}
  />
</div>
`;
